KataGo v1.6.1
Using koPOSITIONALscoreAREAtaxNONEsui0button1 rules initially, unless GTP/GUI overrides this
Loaded config configs/gtp_example.cfg and/or command-line and query overrides
Loaded model tests/models/g170-b6c96-s175395328-d26788732.bin.gz
Model name: g170-b6c96-s175395328-d26788732
GTP ready, beginning main protocol loop
MoveNum: 0 HASH: 7BF12F3F24903F0C225CD6C55BA8BA1F
   A B C D E F G H J K L M N O P Q R S T
19 . . . . . . . . . . . . . . . . . . .
18 . . . . . . . . . . . . . . . . . . .
17 . . . . . . . . . . . . . . . @ . . .
16 . . . . . . . . . . . . . . . . . . .
15 . . . . . . . . . . . . . . . . . . .
14 . . . . . . . . . . . . . . . . . . .
13 . . . . . . . . . . . . . . . . . . .
12 . . . . . . . . . . . . . . . . . . .
11 . . . . . . . . . . . . . . . . . . .
10 . . . . . . . . . . . . . . . . . . .
 9 . . . . . . . . . . . . . . . . . . .
 8 . . . . . . . . . . . . . . . . . . .
 7 . . . . . . . . . . . . . . . . . . .
 6 . . . . . . . . . . . . . . . . . . .
 5 . . . . . . . . . . . . . . . . . . .
 4 . . . . . . . . . . . . . . . . . . .
 3 . . . . . . . . . . . . . . . . . . .
 2 . . . . . . . . . . . . . . . . . . .
 1 . . . . . . . . . . . . . . . . . . .

koPOSITIONALscoreAREAtaxNONEsui0button1komi5.5
Time taken: ###
Root visits: 100
New playouts: 100
NN rows: 96
NN batches: 96
NN avg batch size: 1
PV: Q17 D3 C16 Q3
Tree:
: T   3.99c W   3.54c S   0.45c ( +1.3 L  +1.3) N     100  --  Q17 D3 C16 Q3
---Black(^)---
Q17 : T   4.76c W   4.15c S   0.61c ( +1.5 L  +1.6) LCB   -7.37c P  8.97% WF  6.77% PSV      16 N      11  --  Q17 D3 C16 Q3
Q3  : T   4.58c W   4.06c S   0.53c ( +1.4 L  +1.5) LCB   -7.47c P  9.00% WF  6.75% PSV      10 N      10  --  Q3 R16 D3 D17
R4  : T   3.70c W   3.35c S   0.35c ( +1.2 L  +1.4) LCB   -9.23c P  8.97% WF  6.66% PSV      10 N      10  --  R4 R16 D3 D17
D3  : T   5.12c W   4.54c S   0.58c ( +1.5 L  +1.6) LCB   -9.26c P  8.45% WF  6.81% PSV      10 N      10  --  D3 R16 D17 Q3
C4  : T   3.58c W   3.13c S   0.45c ( +1.3 L  +1.4) LCB  -16.49c P  8.65% WF  6.65% PSV       9 N       9  --  C4 R16 D17 Q3
C16 : T   4.31c W   3.75c S   0.55c ( +1.5 L  +1.5) LCB  -15.61c P  8.25% WF  6.72% PSV       9 N       9  --  C16 D3 R16 Q3
R16 : T   4.89c W   4.26c S   0.62c ( +1.6 L  +1.6) LCB  -11.30c P  7.46% WF  6.78% PSV       9 N       9  --  R16 D3 C16 Q3
D17 : T   3.97c W   3.54c S   0.43c ( +1.3 L  +1.3) LCB  -20.05c P  8.17% WF  6.69% PSV       8 N       8  --  D17 D3 R16 Q3
Q4  : T   3.69c W   3.44c S   0.25c ( +1.0 L  +1.1) LCB  -43.46c P  5.55% WF  6.66% PSV       5 N       5  --  Q4 D3 D17
D16 : T   2.14c W   1.98c S   0.16c ( +0.9 L  +0.8) LCB -139.27c P  4.75% WF  6.53% PSV       4 N       4  --  D16 D3 Q17
MoveNum: 1 HASH: C07529C9F6AD4CC224EF1A3CA4D49697
   A B C D E F G H J K L M N O P Q R S T
19 . . . . . . . . . . . . . . . . . . .
18 . . . . . . . . . . . . . . . . . . .
17 . . . . . . . . . . . . . . . X . . .
16 . . . . . . . . . . . . . . . . . . .
15 . . . . . . . . . . . . . . . . . . .
14 . . . . . . . . . . . . . . . . . . .
13 . . . . . . . . . . . . . . . . . . .
12 . . . . . . . . . . . . . . . . . . .
11 . . . . . . . . . . . . . . . . . . .
10 . . . . . . . . . . . . . . . . . . .
 9 . . . . . . . . . . . . . . . . . . .
 8 . . . . . . . . . . . . . . . . . . .
 7 . . . . . . . . . . . . . . . . . . .
 6 . . . . . . . . . . . . . . . . . . .
 5 . . . . . . . . . . . . . . . . . . .
 4 . . . . . . . . . . . . . . . . . . .
 3 . . . @ . . . . . . . . . . . . . . .
 2 . . . . . . . . . . . . . . . . . . .
 1 . . . . . . . . . . . . . . . . . . .

koPOSITIONALscoreAREAtaxNONEsui0button1komi5.5
Time taken: ###
Root visits: 100
New playouts: 89
NN rows: 76
NN batches: 76
NN avg batch size: 1
PV: D3 Q3 D17 Q5
Tree:
: T  -5.54c W  -5.19c S  -0.36c ( -1.5 L  -1.5) N     100  --  D3 Q3 D17 Q5
---White(^)---
D3  : T  -5.12c W  -4.85c S  -0.26c ( -1.4 L  -1.3) LCB   -8.39c P 15.97% WF  9.19% PSV      19 N      19  --  D3 Q3 D17 Q5
Q3  : T  -5.23c W  -4.97c S  -0.25c ( -1.4 L  -1.3) LCB   -9.41c P 11.88% WF  9.17% PSV      14 N      14  --  Q3 C16 D3 E16
D17 : T  -5.80c W  -5.46c S  -0.34c ( -1.5 L  -1.5) LCB  -14.96c P 10.73% WF  9.08% PSV      11 N      11  --  D17 C4 Q3 E4
C4  : T  -5.53c W  -5.17c S  -0.36c ( -1.5 L  -1.5) LCB  -14.42c P  9.80% WF  9.12% PSV      11 N      11  --  C4 C16 Q3 E16
R4  : T  -5.99c W  -5.55c S  -0.43c ( -1.7 L  -1.6) LCB  -14.61c P  9.52% WF  9.05% PSV      10 N      10  --  R4 D3 D17 D5
C16 : T  -5.38c W  -5.02c S  -0.37c ( -1.6 L  -1.6) LCB  -19.19c P  8.18% WF  9.14% PSV       9 N       9  --  C16 D3 Q3
Q16 : T  -4.35c W  -4.04c S  -0.31c ( -1.5 L  -1.8) LCB  -27.29c P  7.32% WF  9.29% PSV       9 N       9  --  Q16 R16 P17 R17
D4  : T  -6.56c W  -6.04c S  -0.52c ( -1.8 L  -1.7) LCB  -35.97c P  5.91% WF  8.99% PSV       6 N       6  --  D4 C16 Q3
D16 : T  -6.87c W  -6.26c S  -0.61c ( -1.9 L  -1.8) LCB -112.46c P  4.94% WF  8.97% PSV       4 N       4  --  D16 D3 Q3
Q4  : T  -6.21c W  -5.76c S  -0.44c ( -1.7 L  -1.6) LCB  -87.30c P  4.30% WF  9.04% PSV       4 N       4  --  Q4 D3 D17
MoveNum: 0 HASH: 7BF12F3F24903F0C225CD6C55BA8BA1F
   A B C D E F G H J K L M N O P Q R S T
19 . . . . . . . . . . . . . . . . . . .
18 . . . . . . . . . . . . . . . . . . .
17 . . . . . . . . . . . . . . . . . . .
16 . . . . . . . . . . . . . . . . . . .
15 . . . . . . . . . . . . . . . . . . .
14 . . . . . . . . . . . . . . . . . . .
13 . . . . . . . . . . . . . . . . . . .
12 . . . . . . . . . . . . . . . . . . .
11 . . . . . . . . . . . . . . . . . . .
10 . . . . . . . . . . . . . . . . . . .
 9 . . . . . . . . . . . . . . . . . . .
 8 . . . . . . . . . . . . . . . . . . .
 7 . . . . . . . . . . . . . . . . . . .
 6 . . . . . . . . . . . . . . . . . . .
 5 . . . . . . . . . . . . . . . . . . .
 4 . . . . . . . . . . . . . . . . @ . .
 3 . . . . . . . . . . . . . . . . . . .
 2 . . . . . . . . . . . . . . . . . . .
 1 . . . . . . . . . . . . . . . . . . .

koPOSITIONALscoreAREAtaxNONEsui0button1komi5.5
Time taken: ###
Root visits: 100
New playouts: 100
NN rows: 0
NN batches: 0
NN avg batch size: -nan
PV: Q17 D3 C16 Q3
Tree:
: T   3.99c W   3.54c S   0.45c ( +1.3 L  +1.3) N     100  --  Q17 D3 C16 Q3
---Black(^)---
Q17 : T   4.76c W   4.15c S   0.61c ( +1.5 L  +1.6) LCB   -7.37c P  8.97% WF  6.77% PSV      16 N      11  --  Q17 D3 C16 Q3
Q3  : T   4.58c W   4.06c S   0.53c ( +1.4 L  +1.5) LCB   -7.47c P  9.00% WF  6.75% PSV      10 N      10  --  Q3 R16 D3 D17
R4  : T   3.70c W   3.35c S   0.35c ( +1.2 L  +1.4) LCB   -9.23c P  8.97% WF  6.66% PSV      10 N      10  --  R4 R16 D3 D17
D3  : T   5.12c W   4.54c S   0.58c ( +1.5 L  +1.6) LCB   -9.26c P  8.45% WF  6.81% PSV      10 N      10  --  D3 R16 D17 Q3
C4  : T   3.58c W   3.13c S   0.45c ( +1.3 L  +1.4) LCB  -16.49c P  8.65% WF  6.65% PSV       9 N       9  --  C4 R16 D17 Q3
C16 : T   4.31c W   3.75c S   0.55c ( +1.5 L  +1.5) LCB  -15.61c P  8.25% WF  6.72% PSV       9 N       9  --  C16 D3 R16 Q3
R16 : T   4.89c W   4.26c S   0.62c ( +1.6 L  +1.6) LCB  -11.30c P  7.46% WF  6.78% PSV       9 N       9  --  R16 D3 C16 Q3
D17 : T   3.97c W   3.54c S   0.43c ( +1.3 L  +1.3) LCB  -20.05c P  8.17% WF  6.69% PSV       8 N       8  --  D17 D3 R16 Q3
Q4  : T   3.69c W   3.44c S   0.25c ( +1.0 L  +1.1) LCB  -43.46c P  5.55% WF  6.66% PSV       5 N       5  --  Q4 D3 D17
D16 : T   2.14c W   1.98c S   0.16c ( +0.9 L  +0.8) LCB -139.27c P  4.75% WF  6.53% PSV       4 N       4  --  D16 D3 Q17
Changed rules to Chinese
MoveNum: 1 HASH: 0CEAE8B4B0275F9498D45099084F186C
   A B C D E F G H J K L M N O P Q R S T
19 . . . . . . . . . . . . . . . . . . .
18 . . . . . . . . . . . . . . . . . . .
17 . . . . . . . . . . . . . . . . . . .
16 . . . . . . . . . . . . . . . . . . .
15 . . . . . . . . . . . . . . . . . . .
14 . . . . . . . . . . . . . . . . . . .
13 . . . . . . . . . . . . . . . . . . .
12 . . . . . . . . . . . . . . . . . . .
11 . . . . . . . . . . . . . . . . . . .
10 . . . . . . . . . . . . . . . . . . .
 9 . . . . . . . . . . . . . . . . . . .
 8 . . . . . . . . . . . . . . . . . . .
 7 . . . . . . . . . . . . . . . . . . .
 6 . . . . . . . . . . . . . . . . . . .
 5 . . . . . . . . . . . . . . . . . . .
 4 . . . . . . . . . . . . . . . . X . .
 3 . . . @ . . . . . . . . . . . . . . .
 2 . . . . . . . . . . . . . . . . . . .
 1 . . . . . . . . . . . . . . . . . . .

koSIMPLEscoreAREAtaxNONEsui0whbNkomi5.5
Time taken: ###
Root visits: 100
New playouts: 100
NN rows: 88
NN batches: 88
NN avg batch size: 1
PV: D3 Q17 D17 Q15
Tree:
: T  -4.42c W  -4.36c S  -0.06c ( -1.2 L  -1.3) N     100  --  D3 Q17 D17 Q15
---White(^)---
D3  : T  -4.22c W  -4.18c S  -0.04c ( -1.2 L  -1.2) LCB   -8.68c P 14.04% WF 10.05% PSV      16 N      16  --  D3 Q17 D17 Q15
R16 : T  -3.98c W  -4.00c S   0.02c ( -1.1 L  -1.2) LCB   -8.74c P 13.99% WF 10.09% PSV      16 N      16  --  R16 D3 D17 D5
Q17 : T  -4.34c W  -4.33c S  -0.01c ( -1.1 L  -1.2) LCB  -10.34c P 11.07% WF 10.03% PSV      12 N      12  --  Q17 D3 D17 D5
D17 : T  -4.73c W  -4.65c S  -0.07c ( -1.2 L  -1.3) LCB  -14.27c P 10.34% WF  9.96% PSV      11 N      11  --  D17 D3 Q17 D5
C16 : T  -3.96c W  -3.96c S   0.00c ( -1.1 L  -1.1) LCB  -13.70c P  9.39% WF 10.09% PSV      11 N      11  --  C16 C4 Q17 E4
C4  : T  -4.69c W  -4.57c S  -0.13c ( -1.3 L  -1.4) LCB  -15.46c P  9.44% WF  9.97% PSV      10 N      10  --  C4 C16 Q17 E16
Q4  : T  -4.00c W  -3.90c S  -0.10c ( -1.2 L  -1.6) LCB  -30.25c P  6.39% WF 10.08% PSV       7 N       8  --  Q4 Q3 C4 C16
Q16 : T  -4.86c W  -4.75c S  -0.10c ( -1.2 L  -1.4) LCB  -39.61c P  5.47% WF  9.95% PSV       5 N       5  --  Q16 D3 D17
D16 : T  -5.43c W  -5.20c S  -0.23c ( -1.4 L  -1.6) LCB  -46.23c P  5.45% WF  9.88% PSV       5 N       5  --  D16 D3 Q17
D4  : T  -5.13c W  -4.91c S  -0.22c ( -1.4 L  -1.5) LCB  -50.70c P  5.13% WF  9.92% PSV       5 N       5  --  D4 C16 Q17
